// Jest Snapshot v1, https://goo.gl/fbAQLP

exports[`Header component renders correctly 1`] = `
ShallowWrapper {
  Symbol(enzyme.__root__): [Circular],
  Symbol(enzyme.__unrendered__): <Header
    followers={4433}
    following={723}
    isFollowed={false}
    isLiked={false}
    likes={121}
    onFollowClick={[MockFunction]}
    onHeartClick={[MockFunction]}
    onShareClick={[MockFunction]}
  />,
  Symbol(enzyme.__renderer__): Object {
    "batchedUpdates": [Function],
    "getNode": [Function],
    "render": [Function],
    "simulateError": [Function],
    "simulateEvent": [Function],
    "unmount": [Function],
  },
  Symbol(enzyme.__node__): Object {
    "instance": null,
    "key": undefined,
    "nodeType": "host",
    "props": Object {
      "children": Array [
        <button
          className="btnShare"
          id="btnShare"
          onClick={[MockFunction]}
        >
          <FontAwesomeIcon
            border={false}
            className="shareIcon"
            fixedWidth={false}
            flip={null}
            icon="share-square"
            inverse={false}
            listItem={false}
            mask={null}
            pull={null}
            pulse={false}
            rotation={null}
            size={null}
            spin={false}
            symbol={false}
            title=""
            transform={null}
          />
        </button>,
        <div
          className="userInfo"
        >
          <img
            alt="user"
            src="pic.jpg"
          />
          <div>
            <h1>
              Harvey Specter
            </h1>
            <button
              className="btnHeart"
              id="btnHeart"
              onClick={[MockFunction]}
            >
              <FontAwesomeIcon
                border={false}
                className="heartIcon"
                color="#D9D9D9"
                fixedWidth={false}
                flip={null}
                icon={
                  Array [
                    "far",
                    "heart",
                  ]
                }
                inverse={false}
                listItem={false}
                mask={null}
                pull={null}
                pulse={false}
                rotation={null}
                size={null}
                spin={false}
                symbol={false}
                title=""
                transform={null}
              />
            </button>
            <h2>
              New York, USA
            </h2>
          </div>
        </div>,
        <div
          className="userSocials"
        >
          <ul
            id="ul"
          >
            <li>
              <p
                className="socialsNumber"
              >
                121
              </p>
              <p>
                Likes
              </p>
            </li>
            <span
              className="divider"
            />
            <li>
              <p
                className="socialsNumber"
              >
                723
              </p>
              <p>
                Following
              </p>
            </li>
            <span
              className="divider"
            />
            <li>
              <p
                className="socialsNumber"
              >
                4433
              </p>
              <p>
                Followers
              </p>
            </li>
          </ul>
          <button
            className="btnFollow"
            id="btnFollow"
            onClick={[MockFunction]}
          >
            FOLLOW
          </button>
        </div>,
      ],
      "className": "Header",
    },
    "ref": null,
    "rendered": Array [
      Object {
        "instance": null,
        "key": undefined,
        "nodeType": "host",
        "props": Object {
          "children": <FontAwesomeIcon
            border={false}
            className="shareIcon"
            fixedWidth={false}
            flip={null}
            icon="share-square"
            inverse={false}
            listItem={false}
            mask={null}
            pull={null}
            pulse={false}
            rotation={null}
            size={null}
            spin={false}
            symbol={false}
            title=""
            transform={null}
          />,
          "className": "btnShare",
          "id": "btnShare",
          "onClick": [MockFunction],
        },
        "ref": null,
        "rendered": Object {
          "instance": null,
          "key": undefined,
          "nodeType": "function",
          "props": Object {
            "border": false,
            "className": "shareIcon",
            "fixedWidth": false,
            "flip": null,
            "icon": "share-square",
            "inverse": false,
            "listItem": false,
            "mask": null,
            "pull": null,
            "pulse": false,
            "rotation": null,
            "size": null,
            "spin": false,
            "symbol": false,
            "title": "",
            "transform": null,
          },
          "ref": null,
          "rendered": null,
          "type": [Function],
        },
        "type": "button",
      },
      Object {
        "instance": null,
        "key": undefined,
        "nodeType": "host",
        "props": Object {
          "children": Array [
            <img
              alt="user"
              src="pic.jpg"
            />,
            <div>
              <h1>
                Harvey Specter
              </h1>
              <button
                className="btnHeart"
                id="btnHeart"
                onClick={[MockFunction]}
              >
                <FontAwesomeIcon
                  border={false}
                  className="heartIcon"
                  color="#D9D9D9"
                  fixedWidth={false}
                  flip={null}
                  icon={
                    Array [
                      "far",
                      "heart",
                    ]
                  }
                  inverse={false}
                  listItem={false}
                  mask={null}
                  pull={null}
                  pulse={false}
                  rotation={null}
                  size={null}
                  spin={false}
                  symbol={false}
                  title=""
                  transform={null}
                />
              </button>
              <h2>
                New York, USA
              </h2>
            </div>,
          ],
          "className": "userInfo",
        },
        "ref": null,
        "rendered": Array [
          Object {
            "instance": null,
            "key": undefined,
            "nodeType": "host",
            "props": Object {
              "alt": "user",
              "src": "pic.jpg",
            },
            "ref": null,
            "rendered": null,
            "type": "img",
          },
          Object {
            "instance": null,
            "key": undefined,
            "nodeType": "host",
            "props": Object {
              "children": Array [
                <h1>
                  Harvey Specter
                </h1>,
                <button
                  className="btnHeart"
                  id="btnHeart"
                  onClick={[MockFunction]}
                >
                  <FontAwesomeIcon
                    border={false}
                    className="heartIcon"
                    color="#D9D9D9"
                    fixedWidth={false}
                    flip={null}
                    icon={
                      Array [
                        "far",
                        "heart",
                      ]
                    }
                    inverse={false}
                    listItem={false}
                    mask={null}
                    pull={null}
                    pulse={false}
                    rotation={null}
                    size={null}
                    spin={false}
                    symbol={false}
                    title=""
                    transform={null}
                  />
                </button>,
                <h2>
                  New York, USA
                </h2>,
              ],
            },
            "ref": null,
            "rendered": Array [
              Object {
                "instance": null,
                "key": undefined,
                "nodeType": "host",
                "props": Object {
                  "children": "Harvey Specter",
                },
                "ref": null,
                "rendered": "Harvey Specter",
                "type": "h1",
              },
              Object {
                "instance": null,
                "key": undefined,
                "nodeType": "host",
                "props": Object {
                  "children": <FontAwesomeIcon
                    border={false}
                    className="heartIcon"
                    color="#D9D9D9"
                    fixedWidth={false}
                    flip={null}
                    icon={
                      Array [
                        "far",
                        "heart",
                      ]
                    }
                    inverse={false}
                    listItem={false}
                    mask={null}
                    pull={null}
                    pulse={false}
                    rotation={null}
                    size={null}
                    spin={false}
                    symbol={false}
                    title=""
                    transform={null}
                  />,
                  "className": "btnHeart",
                  "id": "btnHeart",
                  "onClick": [MockFunction],
                },
                "ref": null,
                "rendered": Object {
                  "instance": null,
                  "key": undefined,
                  "nodeType": "function",
                  "props": Object {
                    "border": false,
                    "className": "heartIcon",
                    "color": "#D9D9D9",
                    "fixedWidth": false,
                    "flip": null,
                    "icon": Array [
                      "far",
                      "heart",
                    ],
                    "inverse": false,
                    "listItem": false,
                    "mask": null,
                    "pull": null,
                    "pulse": false,
                    "rotation": null,
                    "size": null,
                    "spin": false,
                    "symbol": false,
                    "title": "",
                    "transform": null,
                  },
                  "ref": null,
                  "rendered": null,
                  "type": [Function],
                },
                "type": "button",
              },
              Object {
                "instance": null,
                "key": undefined,
                "nodeType": "host",
                "props": Object {
                  "children": "New York, USA",
                },
                "ref": null,
                "rendered": "New York, USA",
                "type": "h2",
              },
            ],
            "type": "div",
          },
        ],
        "type": "div",
      },
      Object {
        "instance": null,
        "key": undefined,
        "nodeType": "host",
        "props": Object {
          "children": Array [
            <ul
              id="ul"
            >
              <li>
                <p
                  className="socialsNumber"
                >
                  121
                </p>
                <p>
                  Likes
                </p>
              </li>
              <span
                className="divider"
              />
              <li>
                <p
                  className="socialsNumber"
                >
                  723
                </p>
                <p>
                  Following
                </p>
              </li>
              <span
                className="divider"
              />
              <li>
                <p
                  className="socialsNumber"
                >
                  4433
                </p>
                <p>
                  Followers
                </p>
              </li>
            </ul>,
            <button
              className="btnFollow"
              id="btnFollow"
              onClick={[MockFunction]}
            >
              FOLLOW
            </button>,
          ],
          "className": "userSocials",
        },
        "ref": null,
        "rendered": Array [
          Object {
            "instance": null,
            "key": undefined,
            "nodeType": "host",
            "props": Object {
              "children": Array [
                <li>
                  <p
                    className="socialsNumber"
                  >
                    121
                  </p>
                  <p>
                    Likes
                  </p>
                </li>,
                <span
                  className="divider"
                />,
                <li>
                  <p
                    className="socialsNumber"
                  >
                    723
                  </p>
                  <p>
                    Following
                  </p>
                </li>,
                <span
                  className="divider"
                />,
                <li>
                  <p
                    className="socialsNumber"
                  >
                    4433
                  </p>
                  <p>
                    Followers
                  </p>
                </li>,
              ],
              "id": "ul",
            },
            "ref": null,
            "rendered": Array [
              Object {
                "instance": null,
                "key": undefined,
                "nodeType": "host",
                "props": Object {
                  "children": Array [
                    <p
                      className="socialsNumber"
                    >
                      121
                    </p>,
                    <p>
                      Likes
                    </p>,
                  ],
                },
                "ref": null,
                "rendered": Array [
                  Object {
                    "instance": null,
                    "key": undefined,
                    "nodeType": "host",
                    "props": Object {
                      "children": 121,
                      "className": "socialsNumber",
                    },
                    "ref": null,
                    "rendered": 121,
                    "type": "p",
                  },
                  Object {
                    "instance": null,
                    "key": undefined,
                    "nodeType": "host",
                    "props": Object {
                      "children": "Likes",
                    },
                    "ref": null,
                    "rendered": "Likes",
                    "type": "p",
                  },
                ],
                "type": "li",
              },
              Object {
                "instance": null,
                "key": undefined,
                "nodeType": "host",
                "props": Object {
                  "className": "divider",
                },
                "ref": null,
                "rendered": null,
                "type": "span",
              },
              Object {
                "instance": null,
                "key": undefined,
                "nodeType": "host",
                "props": Object {
                  "children": Array [
                    <p
                      className="socialsNumber"
                    >
                      723
                    </p>,
                    <p>
                      Following
                    </p>,
                  ],
                },
                "ref": null,
                "rendered": Array [
                  Object {
                    "instance": null,
                    "key": undefined,
                    "nodeType": "host",
                    "props": Object {
                      "children": 723,
                      "className": "socialsNumber",
                    },
                    "ref": null,
                    "rendered": 723,
                    "type": "p",
                  },
                  Object {
                    "instance": null,
                    "key": undefined,
                    "nodeType": "host",
                    "props": Object {
                      "children": "Following",
                    },
                    "ref": null,
                    "rendered": "Following",
                    "type": "p",
                  },
                ],
                "type": "li",
              },
              Object {
                "instance": null,
                "key": undefined,
                "nodeType": "host",
                "props": Object {
                  "className": "divider",
                },
                "ref": null,
                "rendered": null,
                "type": "span",
              },
              Object {
                "instance": null,
                "key": undefined,
                "nodeType": "host",
                "props": Object {
                  "children": Array [
                    <p
                      className="socialsNumber"
                    >
                      4433
                    </p>,
                    <p>
                      Followers
                    </p>,
                  ],
                },
                "ref": null,
                "rendered": Array [
                  Object {
                    "instance": null,
                    "key": undefined,
                    "nodeType": "host",
                    "props": Object {
                      "children": 4433,
                      "className": "socialsNumber",
                    },
                    "ref": null,
                    "rendered": 4433,
                    "type": "p",
                  },
                  Object {
                    "instance": null,
                    "key": undefined,
                    "nodeType": "host",
                    "props": Object {
                      "children": "Followers",
                    },
                    "ref": null,
                    "rendered": "Followers",
                    "type": "p",
                  },
                ],
                "type": "li",
              },
            ],
            "type": "ul",
          },
          Object {
            "instance": null,
            "key": undefined,
            "nodeType": "host",
            "props": Object {
              "children": "FOLLOW",
              "className": "btnFollow",
              "id": "btnFollow",
              "onClick": [MockFunction],
            },
            "ref": null,
            "rendered": "FOLLOW",
            "type": "button",
          },
        ],
        "type": "div",
      },
    ],
    "type": "div",
  },
  Symbol(enzyme.__nodes__): Array [
    Object {
      "instance": null,
      "key": undefined,
      "nodeType": "host",
      "props": Object {
        "children": Array [
          <button
            className="btnShare"
            id="btnShare"
            onClick={[MockFunction]}
          >
            <FontAwesomeIcon
              border={false}
              className="shareIcon"
              fixedWidth={false}
              flip={null}
              icon="share-square"
              inverse={false}
              listItem={false}
              mask={null}
              pull={null}
              pulse={false}
              rotation={null}
              size={null}
              spin={false}
              symbol={false}
              title=""
              transform={null}
            />
          </button>,
          <div
            className="userInfo"
          >
            <img
              alt="user"
              src="pic.jpg"
            />
            <div>
              <h1>
                Harvey Specter
              </h1>
              <button
                className="btnHeart"
                id="btnHeart"
                onClick={[MockFunction]}
              >
                <FontAwesomeIcon
                  border={false}
                  className="heartIcon"
                  color="#D9D9D9"
                  fixedWidth={false}
                  flip={null}
                  icon={
                    Array [
                      "far",
                      "heart",
                    ]
                  }
                  inverse={false}
                  listItem={false}
                  mask={null}
                  pull={null}
                  pulse={false}
                  rotation={null}
                  size={null}
                  spin={false}
                  symbol={false}
                  title=""
                  transform={null}
                />
              </button>
              <h2>
                New York, USA
              </h2>
            </div>
          </div>,
          <div
            className="userSocials"
          >
            <ul
              id="ul"
            >
              <li>
                <p
                  className="socialsNumber"
                >
                  121
                </p>
                <p>
                  Likes
                </p>
              </li>
              <span
                className="divider"
              />
              <li>
                <p
                  className="socialsNumber"
                >
                  723
                </p>
                <p>
                  Following
                </p>
              </li>
              <span
                className="divider"
              />
              <li>
                <p
                  className="socialsNumber"
                >
                  4433
                </p>
                <p>
                  Followers
                </p>
              </li>
            </ul>
            <button
              className="btnFollow"
              id="btnFollow"
              onClick={[MockFunction]}
            >
              FOLLOW
            </button>
          </div>,
        ],
        "className": "Header",
      },
      "ref": null,
      "rendered": Array [
        Object {
          "instance": null,
          "key": undefined,
          "nodeType": "host",
          "props": Object {
            "children": <FontAwesomeIcon
              border={false}
              className="shareIcon"
              fixedWidth={false}
              flip={null}
              icon="share-square"
              inverse={false}
              listItem={false}
              mask={null}
              pull={null}
              pulse={false}
              rotation={null}
              size={null}
              spin={false}
              symbol={false}
              title=""
              transform={null}
            />,
            "className": "btnShare",
            "id": "btnShare",
            "onClick": [MockFunction],
          },
          "ref": null,
          "rendered": Object {
            "instance": null,
            "key": undefined,
            "nodeType": "function",
            "props": Object {
              "border": false,
              "className": "shareIcon",
              "fixedWidth": false,
              "flip": null,
              "icon": "share-square",
              "inverse": false,
              "listItem": false,
              "mask": null,
              "pull": null,
              "pulse": false,
              "rotation": null,
              "size": null,
              "spin": false,
              "symbol": false,
              "title": "",
              "transform": null,
            },
            "ref": null,
            "rendered": null,
            "type": [Function],
          },
          "type": "button",
        },
        Object {
          "instance": null,
          "key": undefined,
          "nodeType": "host",
          "props": Object {
            "children": Array [
              <img
                alt="user"
                src="pic.jpg"
              />,
              <div>
                <h1>
                  Harvey Specter
                </h1>
                <button
                  className="btnHeart"
                  id="btnHeart"
                  onClick={[MockFunction]}
                >
                  <FontAwesomeIcon
                    border={false}
                    className="heartIcon"
                    color="#D9D9D9"
                    fixedWidth={false}
                    flip={null}
                    icon={
                      Array [
                        "far",
                        "heart",
                      ]
                    }
                    inverse={false}
                    listItem={false}
                    mask={null}
                    pull={null}
                    pulse={false}
                    rotation={null}
                    size={null}
                    spin={false}
                    symbol={false}
                    title=""
                    transform={null}
                  />
                </button>
                <h2>
                  New York, USA
                </h2>
              </div>,
            ],
            "className": "userInfo",
          },
          "ref": null,
          "rendered": Array [
            Object {
              "instance": null,
              "key": undefined,
              "nodeType": "host",
              "props": Object {
                "alt": "user",
                "src": "pic.jpg",
              },
              "ref": null,
              "rendered": null,
              "type": "img",
            },
            Object {
              "instance": null,
              "key": undefined,
              "nodeType": "host",
              "props": Object {
                "children": Array [
                  <h1>
                    Harvey Specter
                  </h1>,
                  <button
                    className="btnHeart"
                    id="btnHeart"
                    onClick={[MockFunction]}
                  >
                    <FontAwesomeIcon
                      border={false}
                      className="heartIcon"
                      color="#D9D9D9"
                      fixedWidth={false}
                      flip={null}
                      icon={
                        Array [
                          "far",
                          "heart",
                        ]
                      }
                      inverse={false}
                      listItem={false}
                      mask={null}
                      pull={null}
                      pulse={false}
                      rotation={null}
                      size={null}
                      spin={false}
                      symbol={false}
                      title=""
                      transform={null}
                    />
                  </button>,
                  <h2>
                    New York, USA
                  </h2>,
                ],
              },
              "ref": null,
              "rendered": Array [
                Object {
                  "instance": null,
                  "key": undefined,
                  "nodeType": "host",
                  "props": Object {
                    "children": "Harvey Specter",
                  },
                  "ref": null,
                  "rendered": "Harvey Specter",
                  "type": "h1",
                },
                Object {
                  "instance": null,
                  "key": undefined,
                  "nodeType": "host",
                  "props": Object {
                    "children": <FontAwesomeIcon
                      border={false}
                      className="heartIcon"
                      color="#D9D9D9"
                      fixedWidth={false}
                      flip={null}
                      icon={
                        Array [
                          "far",
                          "heart",
                        ]
                      }
                      inverse={false}
                      listItem={false}
                      mask={null}
                      pull={null}
                      pulse={false}
                      rotation={null}
                      size={null}
                      spin={false}
                      symbol={false}
                      title=""
                      transform={null}
                    />,
                    "className": "btnHeart",
                    "id": "btnHeart",
                    "onClick": [MockFunction],
                  },
                  "ref": null,
                  "rendered": Object {
                    "instance": null,
                    "key": undefined,
                    "nodeType": "function",
                    "props": Object {
                      "border": false,
                      "className": "heartIcon",
                      "color": "#D9D9D9",
                      "fixedWidth": false,
                      "flip": null,
                      "icon": Array [
                        "far",
                        "heart",
                      ],
                      "inverse": false,
                      "listItem": false,
                      "mask": null,
                      "pull": null,
                      "pulse": false,
                      "rotation": null,
                      "size": null,
                      "spin": false,
                      "symbol": false,
                      "title": "",
                      "transform": null,
                    },
                    "ref": null,
                    "rendered": null,
                    "type": [Function],
                  },
                  "type": "button",
                },
                Object {
                  "instance": null,
                  "key": undefined,
                  "nodeType": "host",
                  "props": Object {
                    "children": "New York, USA",
                  },
                  "ref": null,
                  "rendered": "New York, USA",
                  "type": "h2",
                },
              ],
              "type": "div",
            },
          ],
          "type": "div",
        },
        Object {
          "instance": null,
          "key": undefined,
          "nodeType": "host",
          "props": Object {
            "children": Array [
              <ul
                id="ul"
              >
                <li>
                  <p
                    className="socialsNumber"
                  >
                    121
                  </p>
                  <p>
                    Likes
                  </p>
                </li>
                <span
                  className="divider"
                />
                <li>
                  <p
                    className="socialsNumber"
                  >
                    723
                  </p>
                  <p>
                    Following
                  </p>
                </li>
                <span
                  className="divider"
                />
                <li>
                  <p
                    className="socialsNumber"
                  >
                    4433
                  </p>
                  <p>
                    Followers
                  </p>
                </li>
              </ul>,
              <button
                className="btnFollow"
                id="btnFollow"
                onClick={[MockFunction]}
              >
                FOLLOW
              </button>,
            ],
            "className": "userSocials",
          },
          "ref": null,
          "rendered": Array [
            Object {
              "instance": null,
              "key": undefined,
              "nodeType": "host",
              "props": Object {
                "children": Array [
                  <li>
                    <p
                      className="socialsNumber"
                    >
                      121
                    </p>
                    <p>
                      Likes
                    </p>
                  </li>,
                  <span
                    className="divider"
                  />,
                  <li>
                    <p
                      className="socialsNumber"
                    >
                      723
                    </p>
                    <p>
                      Following
                    </p>
                  </li>,
                  <span
                    className="divider"
                  />,
                  <li>
                    <p
                      className="socialsNumber"
                    >
                      4433
                    </p>
                    <p>
                      Followers
                    </p>
                  </li>,
                ],
                "id": "ul",
              },
              "ref": null,
              "rendered": Array [
                Object {
                  "instance": null,
                  "key": undefined,
                  "nodeType": "host",
                  "props": Object {
                    "children": Array [
                      <p
                        className="socialsNumber"
                      >
                        121
                      </p>,
                      <p>
                        Likes
                      </p>,
                    ],
                  },
                  "ref": null,
                  "rendered": Array [
                    Object {
                      "instance": null,
                      "key": undefined,
                      "nodeType": "host",
                      "props": Object {
                        "children": 121,
                        "className": "socialsNumber",
                      },
                      "ref": null,
                      "rendered": 121,
                      "type": "p",
                    },
                    Object {
                      "instance": null,
                      "key": undefined,
                      "nodeType": "host",
                      "props": Object {
                        "children": "Likes",
                      },
                      "ref": null,
                      "rendered": "Likes",
                      "type": "p",
                    },
                  ],
                  "type": "li",
                },
                Object {
                  "instance": null,
                  "key": undefined,
                  "nodeType": "host",
                  "props": Object {
                    "className": "divider",
                  },
                  "ref": null,
                  "rendered": null,
                  "type": "span",
                },
                Object {
                  "instance": null,
                  "key": undefined,
                  "nodeType": "host",
                  "props": Object {
                    "children": Array [
                      <p
                        className="socialsNumber"
                      >
                        723
                      </p>,
                      <p>
                        Following
                      </p>,
                    ],
                  },
                  "ref": null,
                  "rendered": Array [
                    Object {
                      "instance": null,
                      "key": undefined,
                      "nodeType": "host",
                      "props": Object {
                        "children": 723,
                        "className": "socialsNumber",
                      },
                      "ref": null,
                      "rendered": 723,
                      "type": "p",
                    },
                    Object {
                      "instance": null,
                      "key": undefined,
                      "nodeType": "host",
                      "props": Object {
                        "children": "Following",
                      },
                      "ref": null,
                      "rendered": "Following",
                      "type": "p",
                    },
                  ],
                  "type": "li",
                },
                Object {
                  "instance": null,
                  "key": undefined,
                  "nodeType": "host",
                  "props": Object {
                    "className": "divider",
                  },
                  "ref": null,
                  "rendered": null,
                  "type": "span",
                },
                Object {
                  "instance": null,
                  "key": undefined,
                  "nodeType": "host",
                  "props": Object {
                    "children": Array [
                      <p
                        className="socialsNumber"
                      >
                        4433
                      </p>,
                      <p>
                        Followers
                      </p>,
                    ],
                  },
                  "ref": null,
                  "rendered": Array [
                    Object {
                      "instance": null,
                      "key": undefined,
                      "nodeType": "host",
                      "props": Object {
                        "children": 4433,
                        "className": "socialsNumber",
                      },
                      "ref": null,
                      "rendered": 4433,
                      "type": "p",
                    },
                    Object {
                      "instance": null,
                      "key": undefined,
                      "nodeType": "host",
                      "props": Object {
                        "children": "Followers",
                      },
                      "ref": null,
                      "rendered": "Followers",
                      "type": "p",
                    },
                  ],
                  "type": "li",
                },
              ],
              "type": "ul",
            },
            Object {
              "instance": null,
              "key": undefined,
              "nodeType": "host",
              "props": Object {
                "children": "FOLLOW",
                "className": "btnFollow",
                "id": "btnFollow",
                "onClick": [MockFunction],
              },
              "ref": null,
              "rendered": "FOLLOW",
              "type": "button",
            },
          ],
          "type": "div",
        },
      ],
      "type": "div",
    },
  ],
  Symbol(enzyme.__options__): Object {
    "adapter": ReactSixteenAdapter {
      "options": Object {
        "enableComponentDidUpdateOnSetState": true,
        "lifecycles": Object {
          "componentDidUpdate": Object {
            "onSetState": true,
          },
          "getDerivedStateFromProps": true,
          "getSnapshotBeforeUpdate": true,
          "setState": Object {
            "skipsComponentDidUpdateOnNullish": true,
          },
        },
      },
    },
  },
}
`;
