// Jest Snapshot v1, https://goo.gl/fbAQLP

exports[`Modal component renders correctly 1`] = `
ShallowWrapper {
  Symbol(enzyme.__root__): [Circular],
  Symbol(enzyme.__unrendered__): <Modal
    onBtnClick={[MockFunction]}
    showModal={false}
  />,
  Symbol(enzyme.__renderer__): Object {
    "batchedUpdates": [Function],
    "getNode": [Function],
    "render": [Function],
    "simulateError": [Function],
    "simulateEvent": [Function],
    "unmount": [Function],
  },
  Symbol(enzyme.__node__): Object {
    "instance": null,
    "key": undefined,
    "nodeType": "host",
    "props": Object {
      "children": <div
        className="modalBox"
      >
        <input
          id="inputModal"
          onFocus={[Function]}
          readOnly={true}
          value="http://localhost/"
        />
        <button
          onClick={[MockFunction]}
        >
          <FontAwesomeIcon
            border={false}
            className=""
            color="#FFFFFF"
            fixedWidth={false}
            flip={null}
            icon={
              Array [
                "fas",
                "times",
              ]
            }
            inverse={false}
            listItem={false}
            mask={null}
            pull={null}
            pulse={false}
            rotation={null}
            size={null}
            spin={false}
            symbol={false}
            title=""
            transform={null}
          />
        </button>
      </div>,
      "className": "hideModal",
    },
    "ref": null,
    "rendered": Object {
      "instance": null,
      "key": undefined,
      "nodeType": "host",
      "props": Object {
        "children": Array [
          <input
            id="inputModal"
            onFocus={[Function]}
            readOnly={true}
            value="http://localhost/"
          />,
          <button
            onClick={[MockFunction]}
          >
            <FontAwesomeIcon
              border={false}
              className=""
              color="#FFFFFF"
              fixedWidth={false}
              flip={null}
              icon={
                Array [
                  "fas",
                  "times",
                ]
              }
              inverse={false}
              listItem={false}
              mask={null}
              pull={null}
              pulse={false}
              rotation={null}
              size={null}
              spin={false}
              symbol={false}
              title=""
              transform={null}
            />
          </button>,
        ],
        "className": "modalBox",
      },
      "ref": null,
      "rendered": Array [
        Object {
          "instance": null,
          "key": undefined,
          "nodeType": "host",
          "props": Object {
            "id": "inputModal",
            "onFocus": [Function],
            "readOnly": true,
            "value": "http://localhost/",
          },
          "ref": null,
          "rendered": null,
          "type": "input",
        },
        Object {
          "instance": null,
          "key": undefined,
          "nodeType": "host",
          "props": Object {
            "children": <FontAwesomeIcon
              border={false}
              className=""
              color="#FFFFFF"
              fixedWidth={false}
              flip={null}
              icon={
                Array [
                  "fas",
                  "times",
                ]
              }
              inverse={false}
              listItem={false}
              mask={null}
              pull={null}
              pulse={false}
              rotation={null}
              size={null}
              spin={false}
              symbol={false}
              title=""
              transform={null}
            />,
            "onClick": [MockFunction],
          },
          "ref": null,
          "rendered": Object {
            "instance": null,
            "key": undefined,
            "nodeType": "function",
            "props": Object {
              "border": false,
              "className": "",
              "color": "#FFFFFF",
              "fixedWidth": false,
              "flip": null,
              "icon": Array [
                "fas",
                "times",
              ],
              "inverse": false,
              "listItem": false,
              "mask": null,
              "pull": null,
              "pulse": false,
              "rotation": null,
              "size": null,
              "spin": false,
              "symbol": false,
              "title": "",
              "transform": null,
            },
            "ref": null,
            "rendered": null,
            "type": [Function],
          },
          "type": "button",
        },
      ],
      "type": "div",
    },
    "type": "div",
  },
  Symbol(enzyme.__nodes__): Array [
    Object {
      "instance": null,
      "key": undefined,
      "nodeType": "host",
      "props": Object {
        "children": <div
          className="modalBox"
        >
          <input
            id="inputModal"
            onFocus={[Function]}
            readOnly={true}
            value="http://localhost/"
          />
          <button
            onClick={[MockFunction]}
          >
            <FontAwesomeIcon
              border={false}
              className=""
              color="#FFFFFF"
              fixedWidth={false}
              flip={null}
              icon={
                Array [
                  "fas",
                  "times",
                ]
              }
              inverse={false}
              listItem={false}
              mask={null}
              pull={null}
              pulse={false}
              rotation={null}
              size={null}
              spin={false}
              symbol={false}
              title=""
              transform={null}
            />
          </button>
        </div>,
        "className": "hideModal",
      },
      "ref": null,
      "rendered": Object {
        "instance": null,
        "key": undefined,
        "nodeType": "host",
        "props": Object {
          "children": Array [
            <input
              id="inputModal"
              onFocus={[Function]}
              readOnly={true}
              value="http://localhost/"
            />,
            <button
              onClick={[MockFunction]}
            >
              <FontAwesomeIcon
                border={false}
                className=""
                color="#FFFFFF"
                fixedWidth={false}
                flip={null}
                icon={
                  Array [
                    "fas",
                    "times",
                  ]
                }
                inverse={false}
                listItem={false}
                mask={null}
                pull={null}
                pulse={false}
                rotation={null}
                size={null}
                spin={false}
                symbol={false}
                title=""
                transform={null}
              />
            </button>,
          ],
          "className": "modalBox",
        },
        "ref": null,
        "rendered": Array [
          Object {
            "instance": null,
            "key": undefined,
            "nodeType": "host",
            "props": Object {
              "id": "inputModal",
              "onFocus": [Function],
              "readOnly": true,
              "value": "http://localhost/",
            },
            "ref": null,
            "rendered": null,
            "type": "input",
          },
          Object {
            "instance": null,
            "key": undefined,
            "nodeType": "host",
            "props": Object {
              "children": <FontAwesomeIcon
                border={false}
                className=""
                color="#FFFFFF"
                fixedWidth={false}
                flip={null}
                icon={
                  Array [
                    "fas",
                    "times",
                  ]
                }
                inverse={false}
                listItem={false}
                mask={null}
                pull={null}
                pulse={false}
                rotation={null}
                size={null}
                spin={false}
                symbol={false}
                title=""
                transform={null}
              />,
              "onClick": [MockFunction],
            },
            "ref": null,
            "rendered": Object {
              "instance": null,
              "key": undefined,
              "nodeType": "function",
              "props": Object {
                "border": false,
                "className": "",
                "color": "#FFFFFF",
                "fixedWidth": false,
                "flip": null,
                "icon": Array [
                  "fas",
                  "times",
                ],
                "inverse": false,
                "listItem": false,
                "mask": null,
                "pull": null,
                "pulse": false,
                "rotation": null,
                "size": null,
                "spin": false,
                "symbol": false,
                "title": "",
                "transform": null,
              },
              "ref": null,
              "rendered": null,
              "type": [Function],
            },
            "type": "button",
          },
        ],
        "type": "div",
      },
      "type": "div",
    },
  ],
  Symbol(enzyme.__options__): Object {
    "adapter": ReactSixteenAdapter {
      "options": Object {
        "enableComponentDidUpdateOnSetState": true,
        "lifecycles": Object {
          "componentDidUpdate": Object {
            "onSetState": true,
          },
          "getDerivedStateFromProps": true,
          "getSnapshotBeforeUpdate": true,
          "setState": Object {
            "skipsComponentDidUpdateOnNullish": true,
          },
        },
      },
    },
  },
}
`;
